// Jest Snapshot v1, https://goo.gl/fbAQLP

exports[`Search Component matches the snapshot 1`] = `ShallowWrapper {}`;
